$ svelte-kit sync && svelte-check --tsconfig ./tsconfig.json

====================================
Loading svelte-check in workspace: /Users/jasonlane/Documents/code/onion-roll-call
Getting Svelte diagnostics...

====================================
svelte-check found 0 errors and 0 warnings
